{
  "author" : "Palantir Technologies, Inc.",
  "peerDependencies" : {
    "@foundry/conjure-fe-lib" : "^1.0.1"
  },
  "version" : "0.0.0",
  "description" : "Conjure definitions for @api/with-imports-package-override",
  "name" : "@api/with-imports-package-override",
  "dependencies" : {
    "@palantir/test-api" : "^0.0.0"
  },
  "devDependencies" : {
    "@foundry/conjure-fe-lib" : "^1.0.1"
  }
}