{
  "author" : "Palantir Technologies, Inc.",
  "peerDependencies" : {
    "@foundry/conjure-fe-lib" : "^1.1.1"
  },
  "version" : "0.0.0",
  "description" : "Conjure definitions for @palantir/another",
  "name" : "@palantir/another",
  "dependencies" : { },
  "devDependencies" : {
    "@foundry/conjure-fe-lib" : "^1.1.1"
  }
}